Archive member included to satisfy reference by file (symbol)

libelibc.a(crt0.o)            (crt0)
./libelibc.a(stdio.o)         dhry_1.o (printf)
./libelibc.a(stdlib.o)        dhry_1.o (exit)
./libelibc.a(string.o)        ./libelibc.a(stdlib.o) (memset)
./libelibc.a(time.o)          dhry_1.o (clock)
./libelibc.a(uart.o)          ./libelibc.a(stdio.o) (inbyte)
/opt/riscv/lib/gcc/riscv32-unknown-elf/10.2.0/libgcc.a(_divdi3.o)
                              ./libelibc.a(time.o) (__divdi3)
/opt/riscv/lib/gcc/riscv32-unknown-elf/10.2.0/libgcc.a(adddf3.o)
                              ./libelibc.a(stdio.o) (__adddf3)
/opt/riscv/lib/gcc/riscv32-unknown-elf/10.2.0/libgcc.a(divdf3.o)
                              dhry_1.o (__divdf3)
/opt/riscv/lib/gcc/riscv32-unknown-elf/10.2.0/libgcc.a(ledf2.o)
                              ./libelibc.a(stdio.o) (__ltdf2)
/opt/riscv/lib/gcc/riscv32-unknown-elf/10.2.0/libgcc.a(muldf3.o)
                              dhry_1.o (__muldf3)
/opt/riscv/lib/gcc/riscv32-unknown-elf/10.2.0/libgcc.a(subdf3.o)
                              ./libelibc.a(stdio.o) (__subdf3)
/opt/riscv/lib/gcc/riscv32-unknown-elf/10.2.0/libgcc.a(fixdfsi.o)
                              ./libelibc.a(stdio.o) (__fixdfsi)
/opt/riscv/lib/gcc/riscv32-unknown-elf/10.2.0/libgcc.a(floatsidf.o)
                              ./libelibc.a(stdio.o) (__floatsidf)
/opt/riscv/lib/gcc/riscv32-unknown-elf/10.2.0/libgcc.a(divsf3.o)
                              dhry_1.o (__divsf3)
/opt/riscv/lib/gcc/riscv32-unknown-elf/10.2.0/libgcc.a(mulsf3.o)
                              dhry_1.o (__mulsf3)
/opt/riscv/lib/gcc/riscv32-unknown-elf/10.2.0/libgcc.a(floatsisf.o)
                              dhry_1.o (__floatsisf)
/opt/riscv/lib/gcc/riscv32-unknown-elf/10.2.0/libgcc.a(extendsfdf2.o)
                              dhry_1.o (__extendsfdf2)
/opt/riscv/lib/gcc/riscv32-unknown-elf/10.2.0/libgcc.a(truncdfsf2.o)
                              dhry_1.o (__truncdfsf2)
/opt/riscv/lib/gcc/riscv32-unknown-elf/10.2.0/libgcc.a(_clz.o)
                              /opt/riscv/lib/gcc/riscv32-unknown-elf/10.2.0/libgcc.a(_divdi3.o) (__clz_tab)
/opt/riscv/lib/gcc/riscv32-unknown-elf/10.2.0/libgcc.a(_clzsi2.o)
                              /opt/riscv/lib/gcc/riscv32-unknown-elf/10.2.0/libgcc.a(adddf3.o) (__clzsi2)

Memory Configuration

Name             Origin             Length             Attributes
code_ram         0x0000000000000000 0x0000000000005000 xr !rw
data_ram         0x0000000000005000 0x0000000000004000 rw !x
*default*        0x0000000000000000 0xffffffffffffffff

Linker script and memory map

                0x0000000000000800                __stack_size = 0x800
                0x0000000000005000                __heap_size = 0x5000
                0x000000000000da30                __heap_start = (__stack_top + __heap_size)

.text           0x0000000000000000     0x3f14
 libelibc.a(.text)
 .text          0x0000000000000000       0x30 libelibc.a(crt0.o)
                0x0000000000000000                crt0
 *(.text)
 .text          0x0000000000000030      0x21c dhry_1.o
                0x0000000000000030                Proc_1
                0x00000000000001a8                Proc_2
                0x00000000000001d8                Proc_3
                0x0000000000000204                Proc_4
                0x0000000000000234                Proc_5
 .text          0x000000000000024c      0x15c dhry_2.o
                0x000000000000024c                Proc_6
                0x00000000000002a0                Proc_7
                0x00000000000002b0                Proc_8
                0x0000000000000318                Func_1
                0x000000000000033c                Func_2
                0x000000000000039c                Func_3
 .text          0x00000000000003a8      0x8c0 ./libelibc.a(stdio.o)
                0x00000000000003a8                getchar
                0x00000000000003c0                putchar
                0x00000000000003ec                fputs
                0x00000000000004a8                fgets
                0x00000000000005b0                putd
                0x0000000000000674                putx
                0x0000000000000750                putf
                0x00000000000009e0                printf
 .text          0x0000000000000c68      0x2cc ./libelibc.a(stdlib.o)
                0x0000000000000c68                exit
                0x0000000000000cb0                malloc
                0x0000000000000de0                free
                0x0000000000000e0c                calloc
                0x0000000000000e50                atoi
                0x0000000000000ee8                abs
                0x0000000000000ef8                srand
                0x0000000000000f04                rand
 .text          0x0000000000000f34      0x260 ./libelibc.a(string.o)
                0x0000000000000f34                memcpy
                0x0000000000000f58                memmove
                0x0000000000000fb4                memset
                0x0000000000000fd4                strlen
                0x0000000000000ffc                strcpy
                0x0000000000001024                strncpy
                0x000000000000107c                strcat
                0x00000000000010c0                strncat
                0x0000000000001114                strcmp
                0x0000000000001150                strncmp
 .text          0x0000000000001194       0x44 ./libelibc.a(time.o)
                0x0000000000001194                clock
 .text          0x00000000000011d8       0x58 ./libelibc.a(uart.o)
                0x00000000000011d8                inbyte
                0x00000000000011f4                outbyte
 .text          0x0000000000001230      0x480 /opt/riscv/lib/gcc/riscv32-unknown-elf/10.2.0/libgcc.a(_divdi3.o)
                0x0000000000001230                __divdi3
 .text          0x00000000000016b0      0x7d8 /opt/riscv/lib/gcc/riscv32-unknown-elf/10.2.0/libgcc.a(adddf3.o)
                0x00000000000016b0                __adddf3
 .text          0x0000000000001e88      0x6e0 /opt/riscv/lib/gcc/riscv32-unknown-elf/10.2.0/libgcc.a(divdf3.o)
                0x0000000000001e88                __divdf3
 .text          0x0000000000002568       0xe4 /opt/riscv/lib/gcc/riscv32-unknown-elf/10.2.0/libgcc.a(ledf2.o)
                0x0000000000002568                __ltdf2
                0x0000000000002568                __ledf2
 .text          0x000000000000264c      0x5c8 /opt/riscv/lib/gcc/riscv32-unknown-elf/10.2.0/libgcc.a(muldf3.o)
                0x000000000000264c                __muldf3
 .text          0x0000000000002c14      0x7ec /opt/riscv/lib/gcc/riscv32-unknown-elf/10.2.0/libgcc.a(subdf3.o)
                0x0000000000002c14                __subdf3
 .text          0x0000000000003400       0x80 /opt/riscv/lib/gcc/riscv32-unknown-elf/10.2.0/libgcc.a(fixdfsi.o)
                0x0000000000003400                __fixdfsi
 .text          0x0000000000003480       0xa8 /opt/riscv/lib/gcc/riscv32-unknown-elf/10.2.0/libgcc.a(floatsidf.o)
                0x0000000000003480                __floatsidf
 .text          0x0000000000003528      0x334 /opt/riscv/lib/gcc/riscv32-unknown-elf/10.2.0/libgcc.a(divsf3.o)
                0x0000000000003528                __divsf3
 .text          0x000000000000385c      0x304 /opt/riscv/lib/gcc/riscv32-unknown-elf/10.2.0/libgcc.a(mulsf3.o)
                0x000000000000385c                __mulsf3
 .text          0x0000000000003b60      0x108 /opt/riscv/lib/gcc/riscv32-unknown-elf/10.2.0/libgcc.a(floatsisf.o)
                0x0000000000003b60                __floatsisf
 .text          0x0000000000003c68       0xdc /opt/riscv/lib/gcc/riscv32-unknown-elf/10.2.0/libgcc.a(extendsfdf2.o)
                0x0000000000003c68                __extendsfdf2
 .text          0x0000000000003d44      0x184 /opt/riscv/lib/gcc/riscv32-unknown-elf/10.2.0/libgcc.a(truncdfsf2.o)
                0x0000000000003d44                __truncdfsf2
 .text          0x0000000000003ec8        0x0 /opt/riscv/lib/gcc/riscv32-unknown-elf/10.2.0/libgcc.a(_clz.o)
 .text          0x0000000000003ec8       0x4c /opt/riscv/lib/gcc/riscv32-unknown-elf/10.2.0/libgcc.a(_clzsi2.o)
                0x0000000000003ec8                __clzsi2

.text.startup   0x0000000000003f14      0x740
 .text.startup  0x0000000000003f14      0x740 dhry_1.o
                0x0000000000003f14                main

.srodata.cst4   0x0000000000004654       0x10
 .srodata.cst4  0x0000000000004654       0x10 dhry_1.o

.srodata.cst8   0x0000000000004668       0x20
 .srodata.cst8  0x0000000000004668       0x10 dhry_1.o
 .srodata.cst8  0x0000000000004678       0x10 ./libelibc.a(stdio.o)

.srodata        0x0000000000004688        0x8
 .srodata       0x0000000000004688        0x8 ./libelibc.a(stdlib.o)

.eh_frame       0x0000000000004690       0x28
 .eh_frame      0x0000000000004690       0x28 /opt/riscv/lib/gcc/riscv32-unknown-elf/10.2.0/libgcc.a(_divdi3.o)

.rela.dyn       0x00000000000046b8        0x0
 .rela.sdata    0x00000000000046b8        0x0 libelibc.a(crt0.o)
 .rela.srodata  0x00000000000046b8        0x0 libelibc.a(crt0.o)

.data           0x0000000000005000     0x31c0
 *(.data)
 .data          0x0000000000005000        0x0 libelibc.a(crt0.o)
 .data          0x0000000000005000        0x0 dhry_1.o
 .data          0x0000000000005000        0x0 dhry_2.o
 .data          0x0000000000005000        0x0 ./libelibc.a(stdio.o)
 .data          0x0000000000005000        0x0 ./libelibc.a(stdlib.o)
 .data          0x0000000000005000        0x0 ./libelibc.a(string.o)
 .data          0x0000000000005000        0x0 ./libelibc.a(time.o)
 .data          0x0000000000005000        0x0 ./libelibc.a(uart.o)
 .data          0x0000000000005000        0x0 /opt/riscv/lib/gcc/riscv32-unknown-elf/10.2.0/libgcc.a(_divdi3.o)
 .data          0x0000000000005000        0x0 /opt/riscv/lib/gcc/riscv32-unknown-elf/10.2.0/libgcc.a(adddf3.o)
 .data          0x0000000000005000        0x0 /opt/riscv/lib/gcc/riscv32-unknown-elf/10.2.0/libgcc.a(divdf3.o)
 .data          0x0000000000005000        0x0 /opt/riscv/lib/gcc/riscv32-unknown-elf/10.2.0/libgcc.a(ledf2.o)
 .data          0x0000000000005000        0x0 /opt/riscv/lib/gcc/riscv32-unknown-elf/10.2.0/libgcc.a(muldf3.o)
 .data          0x0000000000005000        0x0 /opt/riscv/lib/gcc/riscv32-unknown-elf/10.2.0/libgcc.a(subdf3.o)
 .data          0x0000000000005000        0x0 /opt/riscv/lib/gcc/riscv32-unknown-elf/10.2.0/libgcc.a(fixdfsi.o)
 .data          0x0000000000005000        0x0 /opt/riscv/lib/gcc/riscv32-unknown-elf/10.2.0/libgcc.a(floatsidf.o)
 .data          0x0000000000005000        0x0 /opt/riscv/lib/gcc/riscv32-unknown-elf/10.2.0/libgcc.a(divsf3.o)
 .data          0x0000000000005000        0x0 /opt/riscv/lib/gcc/riscv32-unknown-elf/10.2.0/libgcc.a(mulsf3.o)
 .data          0x0000000000005000        0x0 /opt/riscv/lib/gcc/riscv32-unknown-elf/10.2.0/libgcc.a(floatsisf.o)
 .data          0x0000000000005000        0x0 /opt/riscv/lib/gcc/riscv32-unknown-elf/10.2.0/libgcc.a(extendsfdf2.o)
 .data          0x0000000000005000        0x0 /opt/riscv/lib/gcc/riscv32-unknown-elf/10.2.0/libgcc.a(truncdfsf2.o)
 .data          0x0000000000005000        0x0 /opt/riscv/lib/gcc/riscv32-unknown-elf/10.2.0/libgcc.a(_clz.o)
 .data          0x0000000000005000        0x0 /opt/riscv/lib/gcc/riscv32-unknown-elf/10.2.0/libgcc.a(_clzsi2.o)
 *(.bss)
 .bss           0x0000000000005000        0x0 libelibc.a(crt0.o)
 .bss           0x0000000000005000     0x27d8 dhry_1.o
                0x0000000000005000                Arr_1_Glob
                0x00000000000050c8                Arr_2_Glob
 .bss           0x00000000000077d8        0x0 dhry_2.o
 .bss           0x00000000000077d8        0x0 ./libelibc.a(stdio.o)
 .bss           0x00000000000077d8        0x0 ./libelibc.a(stdlib.o)
 .bss           0x00000000000077d8        0x0 ./libelibc.a(string.o)
 .bss           0x00000000000077d8        0x0 ./libelibc.a(time.o)
 .bss           0x00000000000077d8        0x0 ./libelibc.a(uart.o)
 .bss           0x00000000000077d8        0x0 /opt/riscv/lib/gcc/riscv32-unknown-elf/10.2.0/libgcc.a(_divdi3.o)
 .bss           0x00000000000077d8        0x0 /opt/riscv/lib/gcc/riscv32-unknown-elf/10.2.0/libgcc.a(adddf3.o)
 .bss           0x00000000000077d8        0x0 /opt/riscv/lib/gcc/riscv32-unknown-elf/10.2.0/libgcc.a(divdf3.o)
 .bss           0x00000000000077d8        0x0 /opt/riscv/lib/gcc/riscv32-unknown-elf/10.2.0/libgcc.a(ledf2.o)
 .bss           0x00000000000077d8        0x0 /opt/riscv/lib/gcc/riscv32-unknown-elf/10.2.0/libgcc.a(muldf3.o)
 .bss           0x00000000000077d8        0x0 /opt/riscv/lib/gcc/riscv32-unknown-elf/10.2.0/libgcc.a(subdf3.o)
 .bss           0x00000000000077d8        0x0 /opt/riscv/lib/gcc/riscv32-unknown-elf/10.2.0/libgcc.a(fixdfsi.o)
 .bss           0x00000000000077d8        0x0 /opt/riscv/lib/gcc/riscv32-unknown-elf/10.2.0/libgcc.a(floatsidf.o)
 .bss           0x00000000000077d8        0x0 /opt/riscv/lib/gcc/riscv32-unknown-elf/10.2.0/libgcc.a(divsf3.o)
 .bss           0x00000000000077d8        0x0 /opt/riscv/lib/gcc/riscv32-unknown-elf/10.2.0/libgcc.a(mulsf3.o)
 .bss           0x00000000000077d8        0x0 /opt/riscv/lib/gcc/riscv32-unknown-elf/10.2.0/libgcc.a(floatsisf.o)
 .bss           0x00000000000077d8        0x0 /opt/riscv/lib/gcc/riscv32-unknown-elf/10.2.0/libgcc.a(extendsfdf2.o)
 .bss           0x00000000000077d8        0x0 /opt/riscv/lib/gcc/riscv32-unknown-elf/10.2.0/libgcc.a(truncdfsf2.o)
 .bss           0x00000000000077d8        0x0 /opt/riscv/lib/gcc/riscv32-unknown-elf/10.2.0/libgcc.a(_clz.o)
 .bss           0x00000000000077d8        0x0 /opt/riscv/lib/gcc/riscv32-unknown-elf/10.2.0/libgcc.a(_clzsi2.o)
 *(.rodata*)
 .rodata.str1.4
                0x00000000000077d8      0x64b dhry_1.o
                                        0x64f (size before relaxing)
 *fill*         0x0000000000007e23        0x1 
 .rodata.str1.4
                0x0000000000007e24       0x7d ./libelibc.a(stdio.o)
 *fill*         0x0000000000007ea1        0x3 
 .rodata        0x0000000000007ea4       0x84 ./libelibc.a(stdio.o)
 .rodata        0x0000000000007f28       0xa8 ./libelibc.a(stdlib.o)
 .rodata        0x0000000000007fd0       0x3c /opt/riscv/lib/gcc/riscv32-unknown-elf/10.2.0/libgcc.a(divdf3.o)
 .rodata        0x000000000000800c       0x3c /opt/riscv/lib/gcc/riscv32-unknown-elf/10.2.0/libgcc.a(muldf3.o)
 .rodata        0x0000000000008048       0x3c /opt/riscv/lib/gcc/riscv32-unknown-elf/10.2.0/libgcc.a(divsf3.o)
 .rodata        0x0000000000008084       0x3c /opt/riscv/lib/gcc/riscv32-unknown-elf/10.2.0/libgcc.a(mulsf3.o)
 .rodata        0x00000000000080c0      0x100 /opt/riscv/lib/gcc/riscv32-unknown-elf/10.2.0/libgcc.a(_clz.o)
                0x00000000000080c0                __clz_tab

.sdata          0x00000000000081c0       0x2c
 .sdata         0x00000000000081c0        0x4 libelibc.a(crt0.o)
                0x00000000000081c0                stack_top
 .sdata         0x00000000000081c4       0x1c ./libelibc.a(stdio.o)
                0x00000000000081c4                stderr
                0x00000000000081c8                stdout
                0x00000000000081cc                stdin
 .sdata         0x00000000000081e0        0xc ./libelibc.a(stdlib.o)

.sbss           0x00000000000081ec       0x3c
 .sbss          0x00000000000081ec        0x4 libelibc.a(crt0.o)
                0x00000000000081ec                sp_store
 .sbss          0x00000000000081f0       0x30 dhry_1.o
                0x00000000000081f0                Vax_Mips
                0x00000000000081f4                Dhrystones_Per_Second
                0x00000000000081f8                Microseconds
                0x00000000000081fc                User_Time
                0x0000000000008200                End_Time
                0x0000000000008204                Begin_Time
                0x0000000000008208                Reg
                0x000000000000820c                Ch_2_Glob
                0x000000000000820d                Ch_1_Glob
                0x0000000000008210                Bool_Glob
                0x0000000000008214                Int_Glob
                0x0000000000008218                Next_Ptr_Glob
                0x000000000000821c                Ptr_Glob
 .sbss          0x0000000000008220        0x8 ./libelibc.a(stdio.o)

.stack          0x0000000000008230      0x800
                0x0000000000008a30                . = (. + __stack_size)
 *fill*         0x0000000000008230      0x800 
                0x0000000000008a30                __stack_top = .
LOAD dhry_1.o
LOAD dhry_2.o
LOAD ./libelibc.a
LOAD /opt/riscv/lib/gcc/riscv32-unknown-elf/10.2.0/libgcc.a
LOAD libelibc.a
OUTPUT(dhry.elf elf32-littleriscv)

.comment        0x0000000000000000       0x12
 .comment       0x0000000000000000       0x12 libelibc.a(crt0.o)
                                         0x13 (size before relaxing)
 .comment       0x0000000000000012       0x13 dhry_1.o
 .comment       0x0000000000000012       0x13 dhry_2.o
 .comment       0x0000000000000012       0x13 ./libelibc.a(stdio.o)
 .comment       0x0000000000000012       0x13 ./libelibc.a(stdlib.o)
 .comment       0x0000000000000012       0x13 ./libelibc.a(string.o)
 .comment       0x0000000000000012       0x13 ./libelibc.a(time.o)
 .comment       0x0000000000000012       0x13 ./libelibc.a(uart.o)
 .comment       0x0000000000000012       0x13 /opt/riscv/lib/gcc/riscv32-unknown-elf/10.2.0/libgcc.a(_divdi3.o)
 .comment       0x0000000000000012       0x13 /opt/riscv/lib/gcc/riscv32-unknown-elf/10.2.0/libgcc.a(adddf3.o)
 .comment       0x0000000000000012       0x13 /opt/riscv/lib/gcc/riscv32-unknown-elf/10.2.0/libgcc.a(divdf3.o)
 .comment       0x0000000000000012       0x13 /opt/riscv/lib/gcc/riscv32-unknown-elf/10.2.0/libgcc.a(ledf2.o)
 .comment       0x0000000000000012       0x13 /opt/riscv/lib/gcc/riscv32-unknown-elf/10.2.0/libgcc.a(muldf3.o)
 .comment       0x0000000000000012       0x13 /opt/riscv/lib/gcc/riscv32-unknown-elf/10.2.0/libgcc.a(subdf3.o)
 .comment       0x0000000000000012       0x13 /opt/riscv/lib/gcc/riscv32-unknown-elf/10.2.0/libgcc.a(fixdfsi.o)
 .comment       0x0000000000000012       0x13 /opt/riscv/lib/gcc/riscv32-unknown-elf/10.2.0/libgcc.a(floatsidf.o)
 .comment       0x0000000000000012       0x13 /opt/riscv/lib/gcc/riscv32-unknown-elf/10.2.0/libgcc.a(divsf3.o)
 .comment       0x0000000000000012       0x13 /opt/riscv/lib/gcc/riscv32-unknown-elf/10.2.0/libgcc.a(mulsf3.o)
 .comment       0x0000000000000012       0x13 /opt/riscv/lib/gcc/riscv32-unknown-elf/10.2.0/libgcc.a(floatsisf.o)
 .comment       0x0000000000000012       0x13 /opt/riscv/lib/gcc/riscv32-unknown-elf/10.2.0/libgcc.a(extendsfdf2.o)
 .comment       0x0000000000000012       0x13 /opt/riscv/lib/gcc/riscv32-unknown-elf/10.2.0/libgcc.a(truncdfsf2.o)
 .comment       0x0000000000000012       0x13 /opt/riscv/lib/gcc/riscv32-unknown-elf/10.2.0/libgcc.a(_clz.o)
 .comment       0x0000000000000012       0x13 /opt/riscv/lib/gcc/riscv32-unknown-elf/10.2.0/libgcc.a(_clzsi2.o)

.riscv.attributes
                0x0000000000000000       0x2a
 .riscv.attributes
                0x0000000000000000       0x26 libelibc.a(crt0.o)
 .riscv.attributes
                0x0000000000000026       0x26 dhry_1.o
 .riscv.attributes
                0x000000000000004c       0x26 dhry_2.o
 .riscv.attributes
                0x0000000000000072       0x26 ./libelibc.a(stdio.o)
 .riscv.attributes
                0x0000000000000098       0x26 ./libelibc.a(stdlib.o)
 .riscv.attributes
                0x00000000000000be       0x26 ./libelibc.a(string.o)
 .riscv.attributes
                0x00000000000000e4       0x2a ./libelibc.a(time.o)
 .riscv.attributes
                0x000000000000010e       0x26 ./libelibc.a(uart.o)
 .riscv.attributes
                0x0000000000000134       0x21 /opt/riscv/lib/gcc/riscv32-unknown-elf/10.2.0/libgcc.a(_divdi3.o)
 .riscv.attributes
                0x0000000000000155       0x21 /opt/riscv/lib/gcc/riscv32-unknown-elf/10.2.0/libgcc.a(adddf3.o)
 .riscv.attributes
                0x0000000000000176       0x21 /opt/riscv/lib/gcc/riscv32-unknown-elf/10.2.0/libgcc.a(divdf3.o)
 .riscv.attributes
                0x0000000000000197       0x21 /opt/riscv/lib/gcc/riscv32-unknown-elf/10.2.0/libgcc.a(ledf2.o)
 .riscv.attributes
                0x00000000000001b8       0x21 /opt/riscv/lib/gcc/riscv32-unknown-elf/10.2.0/libgcc.a(muldf3.o)
 .riscv.attributes
                0x00000000000001d9       0x21 /opt/riscv/lib/gcc/riscv32-unknown-elf/10.2.0/libgcc.a(subdf3.o)
 .riscv.attributes
                0x00000000000001fa       0x21 /opt/riscv/lib/gcc/riscv32-unknown-elf/10.2.0/libgcc.a(fixdfsi.o)
 .riscv.attributes
                0x000000000000021b       0x21 /opt/riscv/lib/gcc/riscv32-unknown-elf/10.2.0/libgcc.a(floatsidf.o)
 .riscv.attributes
                0x000000000000023c       0x21 /opt/riscv/lib/gcc/riscv32-unknown-elf/10.2.0/libgcc.a(divsf3.o)
 .riscv.attributes
                0x000000000000025d       0x21 /opt/riscv/lib/gcc/riscv32-unknown-elf/10.2.0/libgcc.a(mulsf3.o)
 .riscv.attributes
                0x000000000000027e       0x21 /opt/riscv/lib/gcc/riscv32-unknown-elf/10.2.0/libgcc.a(floatsisf.o)
 .riscv.attributes
                0x000000000000029f       0x21 /opt/riscv/lib/gcc/riscv32-unknown-elf/10.2.0/libgcc.a(extendsfdf2.o)
 .riscv.attributes
                0x00000000000002c0       0x21 /opt/riscv/lib/gcc/riscv32-unknown-elf/10.2.0/libgcc.a(truncdfsf2.o)
 .riscv.attributes
                0x00000000000002e1       0x21 /opt/riscv/lib/gcc/riscv32-unknown-elf/10.2.0/libgcc.a(_clz.o)
 .riscv.attributes
                0x0000000000000302       0x21 /opt/riscv/lib/gcc/riscv32-unknown-elf/10.2.0/libgcc.a(_clzsi2.o)

.debug_info     0x0000000000000000     0x3911
 .debug_info    0x0000000000000000      0x7e8 /opt/riscv/lib/gcc/riscv32-unknown-elf/10.2.0/libgcc.a(_divdi3.o)
 .debug_info    0x00000000000007e8      0x581 /opt/riscv/lib/gcc/riscv32-unknown-elf/10.2.0/libgcc.a(adddf3.o)
 .debug_info    0x0000000000000d69      0x72a /opt/riscv/lib/gcc/riscv32-unknown-elf/10.2.0/libgcc.a(divdf3.o)
 .debug_info    0x0000000000001493      0x253 /opt/riscv/lib/gcc/riscv32-unknown-elf/10.2.0/libgcc.a(ledf2.o)
 .debug_info    0x00000000000016e6      0x766 /opt/riscv/lib/gcc/riscv32-unknown-elf/10.2.0/libgcc.a(muldf3.o)
 .debug_info    0x0000000000001e4c      0x581 /opt/riscv/lib/gcc/riscv32-unknown-elf/10.2.0/libgcc.a(subdf3.o)
 .debug_info    0x00000000000023cd      0x1e7 /opt/riscv/lib/gcc/riscv32-unknown-elf/10.2.0/libgcc.a(fixdfsi.o)
 .debug_info    0x00000000000025b4      0x29b /opt/riscv/lib/gcc/riscv32-unknown-elf/10.2.0/libgcc.a(floatsidf.o)
 .debug_info    0x000000000000284f      0x3a3 /opt/riscv/lib/gcc/riscv32-unknown-elf/10.2.0/libgcc.a(divsf3.o)
 .debug_info    0x0000000000002bf2      0x394 /opt/riscv/lib/gcc/riscv32-unknown-elf/10.2.0/libgcc.a(mulsf3.o)
 .debug_info    0x0000000000002f86      0x23c /opt/riscv/lib/gcc/riscv32-unknown-elf/10.2.0/libgcc.a(floatsisf.o)
 .debug_info    0x00000000000031c2      0x28b /opt/riscv/lib/gcc/riscv32-unknown-elf/10.2.0/libgcc.a(extendsfdf2.o)
 .debug_info    0x000000000000344d      0x2a9 /opt/riscv/lib/gcc/riscv32-unknown-elf/10.2.0/libgcc.a(truncdfsf2.o)
 .debug_info    0x00000000000036f6       0xd7 /opt/riscv/lib/gcc/riscv32-unknown-elf/10.2.0/libgcc.a(_clz.o)
 .debug_info    0x00000000000037cd      0x144 /opt/riscv/lib/gcc/riscv32-unknown-elf/10.2.0/libgcc.a(_clzsi2.o)

.debug_abbrev   0x0000000000000000     0x13c8
 .debug_abbrev  0x0000000000000000      0x1b5 /opt/riscv/lib/gcc/riscv32-unknown-elf/10.2.0/libgcc.a(_divdi3.o)
 .debug_abbrev  0x00000000000001b5      0x173 /opt/riscv/lib/gcc/riscv32-unknown-elf/10.2.0/libgcc.a(adddf3.o)
 .debug_abbrev  0x0000000000000328      0x173 /opt/riscv/lib/gcc/riscv32-unknown-elf/10.2.0/libgcc.a(divdf3.o)
 .debug_abbrev  0x000000000000049b      0x15e /opt/riscv/lib/gcc/riscv32-unknown-elf/10.2.0/libgcc.a(ledf2.o)
 .debug_abbrev  0x00000000000005f9      0x185 /opt/riscv/lib/gcc/riscv32-unknown-elf/10.2.0/libgcc.a(muldf3.o)
 .debug_abbrev  0x000000000000077e      0x173 /opt/riscv/lib/gcc/riscv32-unknown-elf/10.2.0/libgcc.a(subdf3.o)
 .debug_abbrev  0x00000000000008f1      0x15e /opt/riscv/lib/gcc/riscv32-unknown-elf/10.2.0/libgcc.a(fixdfsi.o)
 .debug_abbrev  0x0000000000000a4f      0x164 /opt/riscv/lib/gcc/riscv32-unknown-elf/10.2.0/libgcc.a(floatsidf.o)
 .debug_abbrev  0x0000000000000bb3      0x14c /opt/riscv/lib/gcc/riscv32-unknown-elf/10.2.0/libgcc.a(divsf3.o)
 .debug_abbrev  0x0000000000000cff      0x166 /opt/riscv/lib/gcc/riscv32-unknown-elf/10.2.0/libgcc.a(mulsf3.o)
 .debug_abbrev  0x0000000000000e65      0x184 /opt/riscv/lib/gcc/riscv32-unknown-elf/10.2.0/libgcc.a(floatsisf.o)
 .debug_abbrev  0x0000000000000fe9      0x158 /opt/riscv/lib/gcc/riscv32-unknown-elf/10.2.0/libgcc.a(extendsfdf2.o)
 .debug_abbrev  0x0000000000001141      0x14d /opt/riscv/lib/gcc/riscv32-unknown-elf/10.2.0/libgcc.a(truncdfsf2.o)
 .debug_abbrev  0x000000000000128e       0x70 /opt/riscv/lib/gcc/riscv32-unknown-elf/10.2.0/libgcc.a(_clz.o)
 .debug_abbrev  0x00000000000012fe       0xca /opt/riscv/lib/gcc/riscv32-unknown-elf/10.2.0/libgcc.a(_clzsi2.o)

.debug_loc      0x0000000000000000     0x6795
 .debug_loc     0x0000000000000000      0x9fa /opt/riscv/lib/gcc/riscv32-unknown-elf/10.2.0/libgcc.a(_divdi3.o)
 .debug_loc     0x00000000000009fa     0x11ec /opt/riscv/lib/gcc/riscv32-unknown-elf/10.2.0/libgcc.a(adddf3.o)
 .debug_loc     0x0000000000001be6     0x1494 /opt/riscv/lib/gcc/riscv32-unknown-elf/10.2.0/libgcc.a(divdf3.o)
 .debug_loc     0x000000000000307a      0x135 /opt/riscv/lib/gcc/riscv32-unknown-elf/10.2.0/libgcc.a(ledf2.o)
 .debug_loc     0x00000000000031af      0xd56 /opt/riscv/lib/gcc/riscv32-unknown-elf/10.2.0/libgcc.a(muldf3.o)
 .debug_loc     0x0000000000003f05     0x114d /opt/riscv/lib/gcc/riscv32-unknown-elf/10.2.0/libgcc.a(subdf3.o)
 .debug_loc     0x0000000000005052      0x181 /opt/riscv/lib/gcc/riscv32-unknown-elf/10.2.0/libgcc.a(fixdfsi.o)
 .debug_loc     0x00000000000051d3      0x159 /opt/riscv/lib/gcc/riscv32-unknown-elf/10.2.0/libgcc.a(floatsidf.o)
 .debug_loc     0x000000000000532c      0x74d /opt/riscv/lib/gcc/riscv32-unknown-elf/10.2.0/libgcc.a(divsf3.o)
 .debug_loc     0x0000000000005a79      0x5e4 /opt/riscv/lib/gcc/riscv32-unknown-elf/10.2.0/libgcc.a(mulsf3.o)
 .debug_loc     0x000000000000605d      0x191 /opt/riscv/lib/gcc/riscv32-unknown-elf/10.2.0/libgcc.a(floatsisf.o)
 .debug_loc     0x00000000000061ee      0x202 /opt/riscv/lib/gcc/riscv32-unknown-elf/10.2.0/libgcc.a(extendsfdf2.o)
 .debug_loc     0x00000000000063f0      0x33a /opt/riscv/lib/gcc/riscv32-unknown-elf/10.2.0/libgcc.a(truncdfsf2.o)
 .debug_loc     0x000000000000672a       0x6b /opt/riscv/lib/gcc/riscv32-unknown-elf/10.2.0/libgcc.a(_clzsi2.o)

.debug_aranges  0x0000000000000000      0x1d8
 .debug_aranges
                0x0000000000000000       0x20 /opt/riscv/lib/gcc/riscv32-unknown-elf/10.2.0/libgcc.a(_divdi3.o)
 .debug_aranges
                0x0000000000000020       0x20 /opt/riscv/lib/gcc/riscv32-unknown-elf/10.2.0/libgcc.a(adddf3.o)
 .debug_aranges
                0x0000000000000040       0x20 /opt/riscv/lib/gcc/riscv32-unknown-elf/10.2.0/libgcc.a(divdf3.o)
 .debug_aranges
                0x0000000000000060       0x20 /opt/riscv/lib/gcc/riscv32-unknown-elf/10.2.0/libgcc.a(ledf2.o)
 .debug_aranges
                0x0000000000000080       0x20 /opt/riscv/lib/gcc/riscv32-unknown-elf/10.2.0/libgcc.a(muldf3.o)
 .debug_aranges
                0x00000000000000a0       0x20 /opt/riscv/lib/gcc/riscv32-unknown-elf/10.2.0/libgcc.a(subdf3.o)
 .debug_aranges
                0x00000000000000c0       0x20 /opt/riscv/lib/gcc/riscv32-unknown-elf/10.2.0/libgcc.a(fixdfsi.o)
 .debug_aranges
                0x00000000000000e0       0x20 /opt/riscv/lib/gcc/riscv32-unknown-elf/10.2.0/libgcc.a(floatsidf.o)
 .debug_aranges
                0x0000000000000100       0x20 /opt/riscv/lib/gcc/riscv32-unknown-elf/10.2.0/libgcc.a(divsf3.o)
 .debug_aranges
                0x0000000000000120       0x20 /opt/riscv/lib/gcc/riscv32-unknown-elf/10.2.0/libgcc.a(mulsf3.o)
 .debug_aranges
                0x0000000000000140       0x20 /opt/riscv/lib/gcc/riscv32-unknown-elf/10.2.0/libgcc.a(floatsisf.o)
 .debug_aranges
                0x0000000000000160       0x20 /opt/riscv/lib/gcc/riscv32-unknown-elf/10.2.0/libgcc.a(extendsfdf2.o)
 .debug_aranges
                0x0000000000000180       0x20 /opt/riscv/lib/gcc/riscv32-unknown-elf/10.2.0/libgcc.a(truncdfsf2.o)
 .debug_aranges
                0x00000000000001a0       0x18 /opt/riscv/lib/gcc/riscv32-unknown-elf/10.2.0/libgcc.a(_clz.o)
 .debug_aranges
                0x00000000000001b8       0x20 /opt/riscv/lib/gcc/riscv32-unknown-elf/10.2.0/libgcc.a(_clzsi2.o)

.debug_ranges   0x0000000000000000      0xc20
 .debug_ranges  0x0000000000000000       0xf8 /opt/riscv/lib/gcc/riscv32-unknown-elf/10.2.0/libgcc.a(_divdi3.o)
 .debug_ranges  0x00000000000000f8      0x248 /opt/riscv/lib/gcc/riscv32-unknown-elf/10.2.0/libgcc.a(adddf3.o)
 .debug_ranges  0x0000000000000340      0x198 /opt/riscv/lib/gcc/riscv32-unknown-elf/10.2.0/libgcc.a(divdf3.o)
 .debug_ranges  0x00000000000004d8       0x50 /opt/riscv/lib/gcc/riscv32-unknown-elf/10.2.0/libgcc.a(ledf2.o)
 .debug_ranges  0x0000000000000528      0x1e0 /opt/riscv/lib/gcc/riscv32-unknown-elf/10.2.0/libgcc.a(muldf3.o)
 .debug_ranges  0x0000000000000708      0x250 /opt/riscv/lib/gcc/riscv32-unknown-elf/10.2.0/libgcc.a(subdf3.o)
 .debug_ranges  0x0000000000000958       0x18 /opt/riscv/lib/gcc/riscv32-unknown-elf/10.2.0/libgcc.a(fixdfsi.o)
 .debug_ranges  0x0000000000000970       0x68 /opt/riscv/lib/gcc/riscv32-unknown-elf/10.2.0/libgcc.a(floatsidf.o)
 .debug_ranges  0x00000000000009d8       0xc0 /opt/riscv/lib/gcc/riscv32-unknown-elf/10.2.0/libgcc.a(divsf3.o)
 .debug_ranges  0x0000000000000a98       0xa8 /opt/riscv/lib/gcc/riscv32-unknown-elf/10.2.0/libgcc.a(mulsf3.o)
 .debug_ranges  0x0000000000000b40       0x50 /opt/riscv/lib/gcc/riscv32-unknown-elf/10.2.0/libgcc.a(floatsisf.o)
 .debug_ranges  0x0000000000000b90       0x38 /opt/riscv/lib/gcc/riscv32-unknown-elf/10.2.0/libgcc.a(extendsfdf2.o)
 .debug_ranges  0x0000000000000bc8       0x38 /opt/riscv/lib/gcc/riscv32-unknown-elf/10.2.0/libgcc.a(truncdfsf2.o)
 .debug_ranges  0x0000000000000c00       0x20 /opt/riscv/lib/gcc/riscv32-unknown-elf/10.2.0/libgcc.a(_clzsi2.o)

.debug_line     0x0000000000000000     0x689e
 .debug_line    0x0000000000000000      0x800 /opt/riscv/lib/gcc/riscv32-unknown-elf/10.2.0/libgcc.a(_divdi3.o)
 .debug_line    0x0000000000000800     0x100d /opt/riscv/lib/gcc/riscv32-unknown-elf/10.2.0/libgcc.a(adddf3.o)
 .debug_line    0x000000000000180d      0xf64 /opt/riscv/lib/gcc/riscv32-unknown-elf/10.2.0/libgcc.a(divdf3.o)
 .debug_line    0x0000000000002771      0x2df /opt/riscv/lib/gcc/riscv32-unknown-elf/10.2.0/libgcc.a(ledf2.o)
 .debug_line    0x0000000000002a50      0xd9f /opt/riscv/lib/gcc/riscv32-unknown-elf/10.2.0/libgcc.a(muldf3.o)
 .debug_line    0x00000000000037ef     0x1072 /opt/riscv/lib/gcc/riscv32-unknown-elf/10.2.0/libgcc.a(subdf3.o)
 .debug_line    0x0000000000004861      0x20e /opt/riscv/lib/gcc/riscv32-unknown-elf/10.2.0/libgcc.a(fixdfsi.o)
 .debug_line    0x0000000000004a6f      0x248 /opt/riscv/lib/gcc/riscv32-unknown-elf/10.2.0/libgcc.a(floatsidf.o)
 .debug_line    0x0000000000004cb7      0x83e /opt/riscv/lib/gcc/riscv32-unknown-elf/10.2.0/libgcc.a(divsf3.o)
 .debug_line    0x00000000000054f5      0x74f /opt/riscv/lib/gcc/riscv32-unknown-elf/10.2.0/libgcc.a(mulsf3.o)
 .debug_line    0x0000000000005c44      0x336 /opt/riscv/lib/gcc/riscv32-unknown-elf/10.2.0/libgcc.a(floatsisf.o)
 .debug_line    0x0000000000005f7a      0x39f /opt/riscv/lib/gcc/riscv32-unknown-elf/10.2.0/libgcc.a(extendsfdf2.o)
 .debug_line    0x0000000000006319      0x453 /opt/riscv/lib/gcc/riscv32-unknown-elf/10.2.0/libgcc.a(truncdfsf2.o)
 .debug_line    0x000000000000676c       0x53 /opt/riscv/lib/gcc/riscv32-unknown-elf/10.2.0/libgcc.a(_clz.o)
 .debug_line    0x00000000000067bf       0xdf /opt/riscv/lib/gcc/riscv32-unknown-elf/10.2.0/libgcc.a(_clzsi2.o)

.debug_str      0x0000000000000000      0xb72
 .debug_str     0x0000000000000000      0x277 /opt/riscv/lib/gcc/riscv32-unknown-elf/10.2.0/libgcc.a(_divdi3.o)
                                        0x2d7 (size before relaxing)
 .debug_str     0x0000000000000277      0x24d /opt/riscv/lib/gcc/riscv32-unknown-elf/10.2.0/libgcc.a(adddf3.o)
                                        0x333 (size before relaxing)
 .debug_str     0x00000000000004c4      0x198 /opt/riscv/lib/gcc/riscv32-unknown-elf/10.2.0/libgcc.a(divdf3.o)
                                        0x3f5 (size before relaxing)
 .debug_str     0x000000000000065c       0x77 /opt/riscv/lib/gcc/riscv32-unknown-elf/10.2.0/libgcc.a(ledf2.o)
                                        0x268 (size before relaxing)
 .debug_str     0x00000000000006d3      0x15b /opt/riscv/lib/gcc/riscv32-unknown-elf/10.2.0/libgcc.a(muldf3.o)
                                        0x44d (size before relaxing)
 .debug_str     0x000000000000082e       0x36 /opt/riscv/lib/gcc/riscv32-unknown-elf/10.2.0/libgcc.a(subdf3.o)
                                        0x333 (size before relaxing)
 .debug_str     0x0000000000000864       0x4b /opt/riscv/lib/gcc/riscv32-unknown-elf/10.2.0/libgcc.a(fixdfsi.o)
                                        0x241 (size before relaxing)
 .debug_str     0x00000000000008af       0x69 /opt/riscv/lib/gcc/riscv32-unknown-elf/10.2.0/libgcc.a(floatsidf.o)
                                        0x2e0 (size before relaxing)
 .debug_str     0x0000000000000918      0x116 /opt/riscv/lib/gcc/riscv32-unknown-elf/10.2.0/libgcc.a(divsf3.o)
                                        0x360 (size before relaxing)
 .debug_str     0x0000000000000a2e       0x68 /opt/riscv/lib/gcc/riscv32-unknown-elf/10.2.0/libgcc.a(mulsf3.o)
                                        0x31b (size before relaxing)
 .debug_str     0x0000000000000a96       0x51 /opt/riscv/lib/gcc/riscv32-unknown-elf/10.2.0/libgcc.a(floatsisf.o)
                                        0x2c1 (size before relaxing)
 .debug_str     0x0000000000000ae7       0x4d /opt/riscv/lib/gcc/riscv32-unknown-elf/10.2.0/libgcc.a(extendsfdf2.o)
                                        0x26e (size before relaxing)
 .debug_str     0x0000000000000b34       0x3e /opt/riscv/lib/gcc/riscv32-unknown-elf/10.2.0/libgcc.a(truncdfsf2.o)
                                        0x2c3 (size before relaxing)
 .debug_str     0x0000000000000b72      0x21f /opt/riscv/lib/gcc/riscv32-unknown-elf/10.2.0/libgcc.a(_clz.o)
 .debug_str     0x0000000000000b72      0x23c /opt/riscv/lib/gcc/riscv32-unknown-elf/10.2.0/libgcc.a(_clzsi2.o)

.debug_frame    0x0000000000000000      0x2f0
 .debug_frame   0x0000000000000000       0x44 /opt/riscv/lib/gcc/riscv32-unknown-elf/10.2.0/libgcc.a(adddf3.o)
 .debug_frame   0x0000000000000044       0x58 /opt/riscv/lib/gcc/riscv32-unknown-elf/10.2.0/libgcc.a(divdf3.o)
 .debug_frame   0x000000000000009c       0x20 /opt/riscv/lib/gcc/riscv32-unknown-elf/10.2.0/libgcc.a(ledf2.o)
 .debug_frame   0x00000000000000bc       0x54 /opt/riscv/lib/gcc/riscv32-unknown-elf/10.2.0/libgcc.a(muldf3.o)
 .debug_frame   0x0000000000000110       0x44 /opt/riscv/lib/gcc/riscv32-unknown-elf/10.2.0/libgcc.a(subdf3.o)
 .debug_frame   0x0000000000000154       0x20 /opt/riscv/lib/gcc/riscv32-unknown-elf/10.2.0/libgcc.a(fixdfsi.o)
 .debug_frame   0x0000000000000174       0x38 /opt/riscv/lib/gcc/riscv32-unknown-elf/10.2.0/libgcc.a(floatsidf.o)
 .debug_frame   0x00000000000001ac       0x4c /opt/riscv/lib/gcc/riscv32-unknown-elf/10.2.0/libgcc.a(divsf3.o)
 .debug_frame   0x00000000000001f8       0x48 /opt/riscv/lib/gcc/riscv32-unknown-elf/10.2.0/libgcc.a(mulsf3.o)
 .debug_frame   0x0000000000000240       0x38 /opt/riscv/lib/gcc/riscv32-unknown-elf/10.2.0/libgcc.a(floatsisf.o)
 .debug_frame   0x0000000000000278       0x38 /opt/riscv/lib/gcc/riscv32-unknown-elf/10.2.0/libgcc.a(extendsfdf2.o)
 .debug_frame   0x00000000000002b0       0x20 /opt/riscv/lib/gcc/riscv32-unknown-elf/10.2.0/libgcc.a(truncdfsf2.o)
 .debug_frame   0x00000000000002d0       0x20 /opt/riscv/lib/gcc/riscv32-unknown-elf/10.2.0/libgcc.a(_clzsi2.o)
