Archive member included to satisfy reference by file (symbol)

./libelibc.a(crt0.o)          (crt0)
./libelibc.a(stdio.o)         core_main.o (printf)
./libelibc.a(stdlib.o)        core_portme.o (malloc)
./libelibc.a(string.o)        ./libelibc.a(stdlib.o) (memset)
./libelibc.a(time.o)          core_portme.o (clock)
./libelibc.a(uart.o)          ./libelibc.a(stdio.o) (inbyte)
/opt/riscv/lib/gcc/riscv32-unknown-elf/10.2.0/libgcc.a(_divdi3.o)
                              ./libelibc.a(time.o) (__divdi3)
/opt/riscv/lib/gcc/riscv32-unknown-elf/10.2.0/libgcc.a(adddf3.o)
                              ./libelibc.a(stdio.o) (__adddf3)
/opt/riscv/lib/gcc/riscv32-unknown-elf/10.2.0/libgcc.a(divdf3.o)
                              core_main.o (__divdf3)
/opt/riscv/lib/gcc/riscv32-unknown-elf/10.2.0/libgcc.a(gedf2.o)
                              core_main.o (__gtdf2)
/opt/riscv/lib/gcc/riscv32-unknown-elf/10.2.0/libgcc.a(ledf2.o)
                              core_main.o (__ltdf2)
/opt/riscv/lib/gcc/riscv32-unknown-elf/10.2.0/libgcc.a(muldf3.o)
                              ./libelibc.a(stdio.o) (__muldf3)
/opt/riscv/lib/gcc/riscv32-unknown-elf/10.2.0/libgcc.a(subdf3.o)
                              ./libelibc.a(stdio.o) (__subdf3)
/opt/riscv/lib/gcc/riscv32-unknown-elf/10.2.0/libgcc.a(fixdfsi.o)
                              ./libelibc.a(stdio.o) (__fixdfsi)
/opt/riscv/lib/gcc/riscv32-unknown-elf/10.2.0/libgcc.a(fixunsdfsi.o)
                              core_main.o (__fixunsdfsi)
/opt/riscv/lib/gcc/riscv32-unknown-elf/10.2.0/libgcc.a(floatsidf.o)
                              ./libelibc.a(stdio.o) (__floatsidf)
/opt/riscv/lib/gcc/riscv32-unknown-elf/10.2.0/libgcc.a(floatunsidf.o)
                              core_main.o (__floatunsidf)
/opt/riscv/lib/gcc/riscv32-unknown-elf/10.2.0/libgcc.a(_clz.o)
                              /opt/riscv/lib/gcc/riscv32-unknown-elf/10.2.0/libgcc.a(_divdi3.o) (__clz_tab)
/opt/riscv/lib/gcc/riscv32-unknown-elf/10.2.0/libgcc.a(_clzsi2.o)
                              /opt/riscv/lib/gcc/riscv32-unknown-elf/10.2.0/libgcc.a(adddf3.o) (__clzsi2)

Memory Configuration

Name             Origin             Length             Attributes
code_ram         0x0000000000001000 0x0000000000007000 xr !rw
data_ram         0x0000000000008000 0x0000000000008000 rw !x
*default*        0x0000000000000000 0xffffffffffffffff

Linker script and memory map

                0x0000000000002000                __stack_size = 0x2000
                0x0000000000002000                __heap_size = 0x2000
                0x000000000000c980                __heap_start = (__stack_top + __heap_size)

.text           0x0000000000001000     0x5228
 *(.text*)
 .text          0x0000000000001000       0x88 core_main.o
                0x0000000000001000                iterate
 .text.startup  0x0000000000001088      0x864 core_main.o
                0x0000000000001088                main
 .text          0x00000000000018ec       0x9c core_portme.o
                0x00000000000018ec                portable_malloc
                0x00000000000018f0                portable_free
                0x00000000000018f4                start_time
                0x0000000000001914                stop_time
                0x0000000000001934                get_time
                0x000000000000194c                time_in_secs
                0x0000000000001974                portable_init
                0x0000000000001980                portable_fini
 .text          0x0000000000001988      0x120 core_util.o
                0x0000000000001988                get_seed_32
                0x00000000000019ec                crcu8
                0x0000000000001a30                crcu16
                0x0000000000001a60                crcu32
                0x0000000000001a94                crc16
                0x0000000000001aa0                check_data_types
 .text          0x0000000000001aa8      0x84c core_list_join.o
                0x0000000000001aa8                cmp_idx
                0x0000000000001b04                calc_func
                0x0000000000001c38                cmp_complex
                0x0000000000001c84                copy_info
                0x0000000000001c98                core_list_insert_new
                0x0000000000001cf8                core_list_remove
                0x0000000000001d20                core_list_undo_remove
                0x0000000000001d40                core_list_find
                0x0000000000001d98                core_list_reverse
                0x0000000000001dbc                core_list_mergesort
                0x0000000000001f08                core_bench_list
                0x0000000000002140                core_list_init
 .text          0x00000000000022f4      0x5ec core_matrix.o
                0x00000000000022f4                core_init_matrix
                0x000000000000243c                matrix_sum
                0x00000000000024d4                matrix_mul_const
                0x0000000000002530                matrix_add_const
                0x0000000000002580                matrix_mul_vect
                0x00000000000025dc                matrix_mul_matrix
                0x0000000000002688                matrix_mul_matrix_bitextract
                0x0000000000002748                matrix_test
                0x00000000000028a4                core_bench_matrix
 .text          0x00000000000028e0      0x62c core_state.o
                0x00000000000028e0                core_init_state
                0x0000000000002a28                core_state_transition
                0x0000000000002d44                core_bench_state
 .text          0x0000000000002f0c       0x30 ./libelibc.a(crt0.o)
                0x0000000000002f0c                crt0
 .text          0x0000000000002f3c      0x800 ./libelibc.a(stdio.o)
                0x0000000000002f3c                getchar
                0x0000000000002f54                putchar
                0x0000000000002f80                fputs
                0x0000000000003000                fgets
                0x00000000000030c4                putd
                0x0000000000003188                putx
                0x0000000000003264                putf
                0x00000000000034b4                printf
 .text          0x000000000000373c      0x2cc ./libelibc.a(stdlib.o)
                0x000000000000373c                exit
                0x0000000000003784                malloc
                0x00000000000038b4                free
                0x00000000000038e0                calloc
                0x0000000000003924                atoi
                0x00000000000039bc                abs
                0x00000000000039cc                srand
                0x00000000000039d8                rand
 .text          0x0000000000003a08      0x260 ./libelibc.a(string.o)
                0x0000000000003a08                memcpy
                0x0000000000003a2c                memmove
                0x0000000000003a88                memset
                0x0000000000003aa8                strlen
                0x0000000000003ad0                strcpy
                0x0000000000003af8                strncpy
                0x0000000000003b50                strcat
                0x0000000000003b94                strncat
                0x0000000000003be8                strcmp
                0x0000000000003c24                strncmp
 .text          0x0000000000003c68       0x44 ./libelibc.a(time.o)
                0x0000000000003c68                clock
 .text          0x0000000000003cac       0x58 ./libelibc.a(uart.o)
                0x0000000000003cac                inbyte
                0x0000000000003cc8                outbyte
 .text          0x0000000000003d04      0x480 /opt/riscv/lib/gcc/riscv32-unknown-elf/10.2.0/libgcc.a(_divdi3.o)
                0x0000000000003d04                __divdi3
 .text          0x0000000000004184      0x7d8 /opt/riscv/lib/gcc/riscv32-unknown-elf/10.2.0/libgcc.a(adddf3.o)
                0x0000000000004184                __adddf3
 .text          0x000000000000495c      0x6e0 /opt/riscv/lib/gcc/riscv32-unknown-elf/10.2.0/libgcc.a(divdf3.o)
                0x000000000000495c                __divdf3
 .text          0x000000000000503c       0xe4 /opt/riscv/lib/gcc/riscv32-unknown-elf/10.2.0/libgcc.a(gedf2.o)
                0x000000000000503c                __gtdf2
                0x000000000000503c                __gedf2
 .text          0x0000000000005120       0xe4 /opt/riscv/lib/gcc/riscv32-unknown-elf/10.2.0/libgcc.a(ledf2.o)
                0x0000000000005120                __ltdf2
                0x0000000000005120                __ledf2
 .text          0x0000000000005204      0x5c8 /opt/riscv/lib/gcc/riscv32-unknown-elf/10.2.0/libgcc.a(muldf3.o)
                0x0000000000005204                __muldf3
 .text          0x00000000000057cc      0x7ec /opt/riscv/lib/gcc/riscv32-unknown-elf/10.2.0/libgcc.a(subdf3.o)
                0x00000000000057cc                __subdf3
 .text          0x0000000000005fb8       0x80 /opt/riscv/lib/gcc/riscv32-unknown-elf/10.2.0/libgcc.a(fixdfsi.o)
                0x0000000000005fb8                __fixdfsi
 .text          0x0000000000006038       0x7c /opt/riscv/lib/gcc/riscv32-unknown-elf/10.2.0/libgcc.a(fixunsdfsi.o)
                0x0000000000006038                __fixunsdfsi
 .text          0x00000000000060b4       0xa8 /opt/riscv/lib/gcc/riscv32-unknown-elf/10.2.0/libgcc.a(floatsidf.o)
                0x00000000000060b4                __floatsidf
 .text          0x000000000000615c       0x80 /opt/riscv/lib/gcc/riscv32-unknown-elf/10.2.0/libgcc.a(floatunsidf.o)
                0x000000000000615c                __floatunsidf
 .text          0x00000000000061dc        0x0 /opt/riscv/lib/gcc/riscv32-unknown-elf/10.2.0/libgcc.a(_clz.o)
 .text          0x00000000000061dc       0x4c /opt/riscv/lib/gcc/riscv32-unknown-elf/10.2.0/libgcc.a(_clzsi2.o)
                0x00000000000061dc                __clzsi2

.eh_frame       0x0000000000006228       0x28
 .eh_frame      0x0000000000006228       0x28 /opt/riscv/lib/gcc/riscv32-unknown-elf/10.2.0/libgcc.a(_divdi3.o)

.data           0x0000000000008000      0x980
 *(.rela.srodata)
 .rela.srodata  0x0000000000008000        0x0 core_main.o
 *(.rela.sdata)
 .rela.sdata    0x0000000000008000        0x0 core_main.o
 *(.data)
 .data          0x0000000000008000        0xc core_main.o
                0x0000000000008000                mem_name
 .data          0x000000000000800c        0x0 core_portme.o
 .data          0x000000000000800c        0x0 core_util.o
 .data          0x000000000000800c        0x0 core_list_join.o
 .data          0x000000000000800c        0x0 core_matrix.o
 .data          0x000000000000800c        0x0 core_state.o
 .data          0x000000000000800c        0x0 ./libelibc.a(crt0.o)
 .data          0x000000000000800c        0x0 ./libelibc.a(stdio.o)
 .data          0x000000000000800c        0x0 ./libelibc.a(stdlib.o)
 .data          0x000000000000800c        0x0 ./libelibc.a(string.o)
 .data          0x000000000000800c        0x0 ./libelibc.a(time.o)
 .data          0x000000000000800c        0x0 ./libelibc.a(uart.o)
 .data          0x000000000000800c        0x0 /opt/riscv/lib/gcc/riscv32-unknown-elf/10.2.0/libgcc.a(_divdi3.o)
 .data          0x000000000000800c        0x0 /opt/riscv/lib/gcc/riscv32-unknown-elf/10.2.0/libgcc.a(adddf3.o)
 .data          0x000000000000800c        0x0 /opt/riscv/lib/gcc/riscv32-unknown-elf/10.2.0/libgcc.a(divdf3.o)
 .data          0x000000000000800c        0x0 /opt/riscv/lib/gcc/riscv32-unknown-elf/10.2.0/libgcc.a(gedf2.o)
 .data          0x000000000000800c        0x0 /opt/riscv/lib/gcc/riscv32-unknown-elf/10.2.0/libgcc.a(ledf2.o)
 .data          0x000000000000800c        0x0 /opt/riscv/lib/gcc/riscv32-unknown-elf/10.2.0/libgcc.a(muldf3.o)
 .data          0x000000000000800c        0x0 /opt/riscv/lib/gcc/riscv32-unknown-elf/10.2.0/libgcc.a(subdf3.o)
 .data          0x000000000000800c        0x0 /opt/riscv/lib/gcc/riscv32-unknown-elf/10.2.0/libgcc.a(fixdfsi.o)
 .data          0x000000000000800c        0x0 /opt/riscv/lib/gcc/riscv32-unknown-elf/10.2.0/libgcc.a(fixunsdfsi.o)
 .data          0x000000000000800c        0x0 /opt/riscv/lib/gcc/riscv32-unknown-elf/10.2.0/libgcc.a(floatsidf.o)
 .data          0x000000000000800c        0x0 /opt/riscv/lib/gcc/riscv32-unknown-elf/10.2.0/libgcc.a(floatunsidf.o)
 .data          0x000000000000800c        0x0 /opt/riscv/lib/gcc/riscv32-unknown-elf/10.2.0/libgcc.a(_clz.o)
 .data          0x000000000000800c        0x0 /opt/riscv/lib/gcc/riscv32-unknown-elf/10.2.0/libgcc.a(_clzsi2.o)
 *(.data*)
 *(.bss)
 .bss           0x000000000000800c        0x0 core_main.o
 .bss           0x000000000000800c        0x0 core_portme.o
 .bss           0x000000000000800c        0x0 core_util.o
 .bss           0x000000000000800c        0x0 core_list_join.o
 .bss           0x000000000000800c        0x0 core_matrix.o
 .bss           0x000000000000800c        0x0 core_state.o
 .bss           0x000000000000800c        0x0 ./libelibc.a(crt0.o)
 .bss           0x000000000000800c        0x0 ./libelibc.a(stdio.o)
 .bss           0x000000000000800c        0x0 ./libelibc.a(stdlib.o)
 .bss           0x000000000000800c        0x0 ./libelibc.a(string.o)
 .bss           0x000000000000800c        0x0 ./libelibc.a(time.o)
 .bss           0x000000000000800c        0x0 ./libelibc.a(uart.o)
 .bss           0x000000000000800c        0x0 /opt/riscv/lib/gcc/riscv32-unknown-elf/10.2.0/libgcc.a(_divdi3.o)
 .bss           0x000000000000800c        0x0 /opt/riscv/lib/gcc/riscv32-unknown-elf/10.2.0/libgcc.a(adddf3.o)
 .bss           0x000000000000800c        0x0 /opt/riscv/lib/gcc/riscv32-unknown-elf/10.2.0/libgcc.a(divdf3.o)
 .bss           0x000000000000800c        0x0 /opt/riscv/lib/gcc/riscv32-unknown-elf/10.2.0/libgcc.a(gedf2.o)
 .bss           0x000000000000800c        0x0 /opt/riscv/lib/gcc/riscv32-unknown-elf/10.2.0/libgcc.a(ledf2.o)
 .bss           0x000000000000800c        0x0 /opt/riscv/lib/gcc/riscv32-unknown-elf/10.2.0/libgcc.a(muldf3.o)
 .bss           0x000000000000800c        0x0 /opt/riscv/lib/gcc/riscv32-unknown-elf/10.2.0/libgcc.a(subdf3.o)
 .bss           0x000000000000800c        0x0 /opt/riscv/lib/gcc/riscv32-unknown-elf/10.2.0/libgcc.a(fixdfsi.o)
 .bss           0x000000000000800c        0x0 /opt/riscv/lib/gcc/riscv32-unknown-elf/10.2.0/libgcc.a(fixunsdfsi.o)
 .bss           0x000000000000800c        0x0 /opt/riscv/lib/gcc/riscv32-unknown-elf/10.2.0/libgcc.a(floatsidf.o)
 .bss           0x000000000000800c        0x0 /opt/riscv/lib/gcc/riscv32-unknown-elf/10.2.0/libgcc.a(floatunsidf.o)
 .bss           0x000000000000800c        0x0 /opt/riscv/lib/gcc/riscv32-unknown-elf/10.2.0/libgcc.a(_clz.o)
 .bss           0x000000000000800c        0x0 /opt/riscv/lib/gcc/riscv32-unknown-elf/10.2.0/libgcc.a(_clzsi2.o)
 *(.rodata*)
 .rodata.str1.4
                0x000000000000800c      0x4a2 core_main.o
                                        0x4a6 (size before relaxing)
 *fill*         0x00000000000084ae        0x2 
 .rodata        0x00000000000084b0       0x22 core_main.o
 *fill*         0x00000000000084d2        0x2 
 .rodata        0x00000000000084d4       0x18 core_util.o
 .rodata.str1.4
                0x00000000000084ec       0xad core_state.o
 *fill*         0x0000000000008599        0x3 
 .rodata        0x000000000000859c       0x40 core_state.o
 .rodata.str1.4
                0x00000000000085dc       0x7d ./libelibc.a(stdio.o)
 *fill*         0x0000000000008659        0x3 
 .rodata        0x000000000000865c       0x84 ./libelibc.a(stdio.o)
 .rodata        0x00000000000086e0       0xa8 ./libelibc.a(stdlib.o)
 .rodata        0x0000000000008788       0x3c /opt/riscv/lib/gcc/riscv32-unknown-elf/10.2.0/libgcc.a(divdf3.o)
 .rodata        0x00000000000087c4       0x3c /opt/riscv/lib/gcc/riscv32-unknown-elf/10.2.0/libgcc.a(muldf3.o)
 .rodata        0x0000000000008800      0x100 /opt/riscv/lib/gcc/riscv32-unknown-elf/10.2.0/libgcc.a(_clz.o)
                0x0000000000008800                __clz_tab
 *(.srodata*)
 .srodata.cst8  0x0000000000008900       0x10 core_main.o
 .srodata.cst8  0x0000000000008910        0x8 core_portme.o
 .srodata.cst8  0x0000000000008918        0x8 ./libelibc.a(stdio.o)
                                         0x10 (size before relaxing)
 .srodata       0x0000000000008920        0x8 ./libelibc.a(stdlib.o)
 *(.sdata*)
 .sdata         0x0000000000008928        0x8 core_portme.o
                0x0000000000008928                default_num_contexts
                0x000000000000892c                seed3_volatile
 .sdata         0x0000000000008930        0x4 ./libelibc.a(crt0.o)
                0x0000000000008930                stack_top
 .sdata         0x0000000000008934       0x1c ./libelibc.a(stdio.o)
                0x0000000000008934                stderr
                0x0000000000008938                stdout
                0x000000000000893c                stdin
 .sdata         0x0000000000008950        0xc ./libelibc.a(stdlib.o)
 *(.sbss*)
 .sbss          0x000000000000895c       0x18 core_portme.o
                0x0000000000008964                seed5_volatile
                0x0000000000008968                seed4_volatile
                0x000000000000896c                seed2_volatile
                0x0000000000008970                seed1_volatile
 .sbss          0x0000000000008974        0x4 ./libelibc.a(crt0.o)
                0x0000000000008974                sp_store
 .sbss          0x0000000000008978        0x8 ./libelibc.a(stdio.o)

.stack          0x0000000000008980     0x2000
                0x000000000000a980                . = (. + __stack_size)
 *fill*         0x0000000000008980     0x2000 
                0x000000000000a980                __stack_top = .
LOAD core_main.o
LOAD core_portme.o
LOAD core_util.o
LOAD core_list_join.o
LOAD core_matrix.o
LOAD core_state.o
LOAD ./libelibc.a
LOAD /opt/riscv/lib/gcc/riscv32-unknown-elf/10.2.0/libgcc.a
LOAD /opt/riscv/riscv32-unknown-elf/lib/libm.a
OUTPUT(coremark.elf elf32-littleriscv)

.comment        0x0000000000000000       0x12
 .comment       0x0000000000000000       0x12 core_main.o
                                         0x13 (size before relaxing)
 .comment       0x0000000000000012       0x13 core_portme.o
 .comment       0x0000000000000012       0x13 core_util.o
 .comment       0x0000000000000012       0x13 core_list_join.o
 .comment       0x0000000000000012       0x13 core_matrix.o
 .comment       0x0000000000000012       0x13 core_state.o
 .comment       0x0000000000000012       0x13 ./libelibc.a(crt0.o)
 .comment       0x0000000000000012       0x13 ./libelibc.a(stdio.o)
 .comment       0x0000000000000012       0x13 ./libelibc.a(stdlib.o)
 .comment       0x0000000000000012       0x13 ./libelibc.a(string.o)
 .comment       0x0000000000000012       0x13 ./libelibc.a(time.o)
 .comment       0x0000000000000012       0x13 ./libelibc.a(uart.o)
 .comment       0x0000000000000012       0x13 /opt/riscv/lib/gcc/riscv32-unknown-elf/10.2.0/libgcc.a(_divdi3.o)
 .comment       0x0000000000000012       0x13 /opt/riscv/lib/gcc/riscv32-unknown-elf/10.2.0/libgcc.a(adddf3.o)
 .comment       0x0000000000000012       0x13 /opt/riscv/lib/gcc/riscv32-unknown-elf/10.2.0/libgcc.a(divdf3.o)
 .comment       0x0000000000000012       0x13 /opt/riscv/lib/gcc/riscv32-unknown-elf/10.2.0/libgcc.a(gedf2.o)
 .comment       0x0000000000000012       0x13 /opt/riscv/lib/gcc/riscv32-unknown-elf/10.2.0/libgcc.a(ledf2.o)
 .comment       0x0000000000000012       0x13 /opt/riscv/lib/gcc/riscv32-unknown-elf/10.2.0/libgcc.a(muldf3.o)
 .comment       0x0000000000000012       0x13 /opt/riscv/lib/gcc/riscv32-unknown-elf/10.2.0/libgcc.a(subdf3.o)
 .comment       0x0000000000000012       0x13 /opt/riscv/lib/gcc/riscv32-unknown-elf/10.2.0/libgcc.a(fixdfsi.o)
 .comment       0x0000000000000012       0x13 /opt/riscv/lib/gcc/riscv32-unknown-elf/10.2.0/libgcc.a(fixunsdfsi.o)
 .comment       0x0000000000000012       0x13 /opt/riscv/lib/gcc/riscv32-unknown-elf/10.2.0/libgcc.a(floatsidf.o)
 .comment       0x0000000000000012       0x13 /opt/riscv/lib/gcc/riscv32-unknown-elf/10.2.0/libgcc.a(floatunsidf.o)
 .comment       0x0000000000000012       0x13 /opt/riscv/lib/gcc/riscv32-unknown-elf/10.2.0/libgcc.a(_clz.o)
 .comment       0x0000000000000012       0x13 /opt/riscv/lib/gcc/riscv32-unknown-elf/10.2.0/libgcc.a(_clzsi2.o)

.riscv.attributes
                0x0000000000000000       0x2a
 .riscv.attributes
                0x0000000000000000       0x26 core_main.o
 .riscv.attributes
                0x0000000000000026       0x26 core_portme.o
 .riscv.attributes
                0x000000000000004c       0x26 core_util.o
 .riscv.attributes
                0x0000000000000072       0x26 core_list_join.o
 .riscv.attributes
                0x0000000000000098       0x26 core_matrix.o
 .riscv.attributes
                0x00000000000000be       0x26 core_state.o
 .riscv.attributes
                0x00000000000000e4       0x26 ./libelibc.a(crt0.o)
 .riscv.attributes
                0x000000000000010a       0x26 ./libelibc.a(stdio.o)
 .riscv.attributes
                0x0000000000000130       0x26 ./libelibc.a(stdlib.o)
 .riscv.attributes
                0x0000000000000156       0x26 ./libelibc.a(string.o)
 .riscv.attributes
                0x000000000000017c       0x2a ./libelibc.a(time.o)
 .riscv.attributes
                0x00000000000001a6       0x26 ./libelibc.a(uart.o)
 .riscv.attributes
                0x00000000000001cc       0x21 /opt/riscv/lib/gcc/riscv32-unknown-elf/10.2.0/libgcc.a(_divdi3.o)
 .riscv.attributes
                0x00000000000001ed       0x21 /opt/riscv/lib/gcc/riscv32-unknown-elf/10.2.0/libgcc.a(adddf3.o)
 .riscv.attributes
                0x000000000000020e       0x21 /opt/riscv/lib/gcc/riscv32-unknown-elf/10.2.0/libgcc.a(divdf3.o)
 .riscv.attributes
                0x000000000000022f       0x21 /opt/riscv/lib/gcc/riscv32-unknown-elf/10.2.0/libgcc.a(gedf2.o)
 .riscv.attributes
                0x0000000000000250       0x21 /opt/riscv/lib/gcc/riscv32-unknown-elf/10.2.0/libgcc.a(ledf2.o)
 .riscv.attributes
                0x0000000000000271       0x21 /opt/riscv/lib/gcc/riscv32-unknown-elf/10.2.0/libgcc.a(muldf3.o)
 .riscv.attributes
                0x0000000000000292       0x21 /opt/riscv/lib/gcc/riscv32-unknown-elf/10.2.0/libgcc.a(subdf3.o)
 .riscv.attributes
                0x00000000000002b3       0x21 /opt/riscv/lib/gcc/riscv32-unknown-elf/10.2.0/libgcc.a(fixdfsi.o)
 .riscv.attributes
                0x00000000000002d4       0x21 /opt/riscv/lib/gcc/riscv32-unknown-elf/10.2.0/libgcc.a(fixunsdfsi.o)
 .riscv.attributes
                0x00000000000002f5       0x21 /opt/riscv/lib/gcc/riscv32-unknown-elf/10.2.0/libgcc.a(floatsidf.o)
 .riscv.attributes
                0x0000000000000316       0x21 /opt/riscv/lib/gcc/riscv32-unknown-elf/10.2.0/libgcc.a(floatunsidf.o)
 .riscv.attributes
                0x0000000000000337       0x21 /opt/riscv/lib/gcc/riscv32-unknown-elf/10.2.0/libgcc.a(_clz.o)
 .riscv.attributes
                0x0000000000000358       0x21 /opt/riscv/lib/gcc/riscv32-unknown-elf/10.2.0/libgcc.a(_clzsi2.o)

.debug_info     0x0000000000000000     0x3120
 .debug_info    0x0000000000000000      0x7e8 /opt/riscv/lib/gcc/riscv32-unknown-elf/10.2.0/libgcc.a(_divdi3.o)
 .debug_info    0x00000000000007e8      0x581 /opt/riscv/lib/gcc/riscv32-unknown-elf/10.2.0/libgcc.a(adddf3.o)
 .debug_info    0x0000000000000d69      0x72a /opt/riscv/lib/gcc/riscv32-unknown-elf/10.2.0/libgcc.a(divdf3.o)
 .debug_info    0x0000000000001493      0x253 /opt/riscv/lib/gcc/riscv32-unknown-elf/10.2.0/libgcc.a(gedf2.o)
 .debug_info    0x00000000000016e6      0x253 /opt/riscv/lib/gcc/riscv32-unknown-elf/10.2.0/libgcc.a(ledf2.o)
 .debug_info    0x0000000000001939      0x766 /opt/riscv/lib/gcc/riscv32-unknown-elf/10.2.0/libgcc.a(muldf3.o)
 .debug_info    0x000000000000209f      0x581 /opt/riscv/lib/gcc/riscv32-unknown-elf/10.2.0/libgcc.a(subdf3.o)
 .debug_info    0x0000000000002620      0x1e7 /opt/riscv/lib/gcc/riscv32-unknown-elf/10.2.0/libgcc.a(fixdfsi.o)
 .debug_info    0x0000000000002807      0x1d5 /opt/riscv/lib/gcc/riscv32-unknown-elf/10.2.0/libgcc.a(fixunsdfsi.o)
 .debug_info    0x00000000000029dc      0x29b /opt/riscv/lib/gcc/riscv32-unknown-elf/10.2.0/libgcc.a(floatsidf.o)
 .debug_info    0x0000000000002c77      0x28e /opt/riscv/lib/gcc/riscv32-unknown-elf/10.2.0/libgcc.a(floatunsidf.o)
 .debug_info    0x0000000000002f05       0xd7 /opt/riscv/lib/gcc/riscv32-unknown-elf/10.2.0/libgcc.a(_clz.o)
 .debug_info    0x0000000000002fdc      0x144 /opt/riscv/lib/gcc/riscv32-unknown-elf/10.2.0/libgcc.a(_clzsi2.o)

.debug_abbrev   0x0000000000000000     0x110d
 .debug_abbrev  0x0000000000000000      0x1b5 /opt/riscv/lib/gcc/riscv32-unknown-elf/10.2.0/libgcc.a(_divdi3.o)
 .debug_abbrev  0x00000000000001b5      0x173 /opt/riscv/lib/gcc/riscv32-unknown-elf/10.2.0/libgcc.a(adddf3.o)
 .debug_abbrev  0x0000000000000328      0x173 /opt/riscv/lib/gcc/riscv32-unknown-elf/10.2.0/libgcc.a(divdf3.o)
 .debug_abbrev  0x000000000000049b      0x15e /opt/riscv/lib/gcc/riscv32-unknown-elf/10.2.0/libgcc.a(gedf2.o)
 .debug_abbrev  0x00000000000005f9      0x15e /opt/riscv/lib/gcc/riscv32-unknown-elf/10.2.0/libgcc.a(ledf2.o)
 .debug_abbrev  0x0000000000000757      0x185 /opt/riscv/lib/gcc/riscv32-unknown-elf/10.2.0/libgcc.a(muldf3.o)
 .debug_abbrev  0x00000000000008dc      0x173 /opt/riscv/lib/gcc/riscv32-unknown-elf/10.2.0/libgcc.a(subdf3.o)
 .debug_abbrev  0x0000000000000a4f      0x15e /opt/riscv/lib/gcc/riscv32-unknown-elf/10.2.0/libgcc.a(fixdfsi.o)
 .debug_abbrev  0x0000000000000bad      0x15e /opt/riscv/lib/gcc/riscv32-unknown-elf/10.2.0/libgcc.a(fixunsdfsi.o)
 .debug_abbrev  0x0000000000000d0b      0x164 /opt/riscv/lib/gcc/riscv32-unknown-elf/10.2.0/libgcc.a(floatsidf.o)
 .debug_abbrev  0x0000000000000e6f      0x164 /opt/riscv/lib/gcc/riscv32-unknown-elf/10.2.0/libgcc.a(floatunsidf.o)
 .debug_abbrev  0x0000000000000fd3       0x70 /opt/riscv/lib/gcc/riscv32-unknown-elf/10.2.0/libgcc.a(_clz.o)
 .debug_abbrev  0x0000000000001043       0xca /opt/riscv/lib/gcc/riscv32-unknown-elf/10.2.0/libgcc.a(_clzsi2.o)

.debug_loc      0x0000000000000000     0x5702
 .debug_loc     0x0000000000000000      0x9fa /opt/riscv/lib/gcc/riscv32-unknown-elf/10.2.0/libgcc.a(_divdi3.o)
 .debug_loc     0x00000000000009fa     0x11ec /opt/riscv/lib/gcc/riscv32-unknown-elf/10.2.0/libgcc.a(adddf3.o)
 .debug_loc     0x0000000000001be6     0x1494 /opt/riscv/lib/gcc/riscv32-unknown-elf/10.2.0/libgcc.a(divdf3.o)
 .debug_loc     0x000000000000307a      0x135 /opt/riscv/lib/gcc/riscv32-unknown-elf/10.2.0/libgcc.a(gedf2.o)
 .debug_loc     0x00000000000031af      0x135 /opt/riscv/lib/gcc/riscv32-unknown-elf/10.2.0/libgcc.a(ledf2.o)
 .debug_loc     0x00000000000032e4      0xd56 /opt/riscv/lib/gcc/riscv32-unknown-elf/10.2.0/libgcc.a(muldf3.o)
 .debug_loc     0x000000000000403a     0x114d /opt/riscv/lib/gcc/riscv32-unknown-elf/10.2.0/libgcc.a(subdf3.o)
 .debug_loc     0x0000000000005187      0x181 /opt/riscv/lib/gcc/riscv32-unknown-elf/10.2.0/libgcc.a(fixdfsi.o)
 .debug_loc     0x0000000000005308       0xe7 /opt/riscv/lib/gcc/riscv32-unknown-elf/10.2.0/libgcc.a(fixunsdfsi.o)
 .debug_loc     0x00000000000053ef      0x159 /opt/riscv/lib/gcc/riscv32-unknown-elf/10.2.0/libgcc.a(floatsidf.o)
 .debug_loc     0x0000000000005548      0x14f /opt/riscv/lib/gcc/riscv32-unknown-elf/10.2.0/libgcc.a(floatunsidf.o)
 .debug_loc     0x0000000000005697       0x6b /opt/riscv/lib/gcc/riscv32-unknown-elf/10.2.0/libgcc.a(_clzsi2.o)

.debug_aranges  0x0000000000000000      0x198
 .debug_aranges
                0x0000000000000000       0x20 /opt/riscv/lib/gcc/riscv32-unknown-elf/10.2.0/libgcc.a(_divdi3.o)
 .debug_aranges
                0x0000000000000020       0x20 /opt/riscv/lib/gcc/riscv32-unknown-elf/10.2.0/libgcc.a(adddf3.o)
 .debug_aranges
                0x0000000000000040       0x20 /opt/riscv/lib/gcc/riscv32-unknown-elf/10.2.0/libgcc.a(divdf3.o)
 .debug_aranges
                0x0000000000000060       0x20 /opt/riscv/lib/gcc/riscv32-unknown-elf/10.2.0/libgcc.a(gedf2.o)
 .debug_aranges
                0x0000000000000080       0x20 /opt/riscv/lib/gcc/riscv32-unknown-elf/10.2.0/libgcc.a(ledf2.o)
 .debug_aranges
                0x00000000000000a0       0x20 /opt/riscv/lib/gcc/riscv32-unknown-elf/10.2.0/libgcc.a(muldf3.o)
 .debug_aranges
                0x00000000000000c0       0x20 /opt/riscv/lib/gcc/riscv32-unknown-elf/10.2.0/libgcc.a(subdf3.o)
 .debug_aranges
                0x00000000000000e0       0x20 /opt/riscv/lib/gcc/riscv32-unknown-elf/10.2.0/libgcc.a(fixdfsi.o)
 .debug_aranges
                0x0000000000000100       0x20 /opt/riscv/lib/gcc/riscv32-unknown-elf/10.2.0/libgcc.a(fixunsdfsi.o)
 .debug_aranges
                0x0000000000000120       0x20 /opt/riscv/lib/gcc/riscv32-unknown-elf/10.2.0/libgcc.a(floatsidf.o)
 .debug_aranges
                0x0000000000000140       0x20 /opt/riscv/lib/gcc/riscv32-unknown-elf/10.2.0/libgcc.a(floatunsidf.o)
 .debug_aranges
                0x0000000000000160       0x18 /opt/riscv/lib/gcc/riscv32-unknown-elf/10.2.0/libgcc.a(_clz.o)
 .debug_aranges
                0x0000000000000178       0x20 /opt/riscv/lib/gcc/riscv32-unknown-elf/10.2.0/libgcc.a(_clzsi2.o)

.debug_ranges   0x0000000000000000      0xad8
 .debug_ranges  0x0000000000000000       0xf8 /opt/riscv/lib/gcc/riscv32-unknown-elf/10.2.0/libgcc.a(_divdi3.o)
 .debug_ranges  0x00000000000000f8      0x248 /opt/riscv/lib/gcc/riscv32-unknown-elf/10.2.0/libgcc.a(adddf3.o)
 .debug_ranges  0x0000000000000340      0x198 /opt/riscv/lib/gcc/riscv32-unknown-elf/10.2.0/libgcc.a(divdf3.o)
 .debug_ranges  0x00000000000004d8       0x50 /opt/riscv/lib/gcc/riscv32-unknown-elf/10.2.0/libgcc.a(gedf2.o)
 .debug_ranges  0x0000000000000528       0x50 /opt/riscv/lib/gcc/riscv32-unknown-elf/10.2.0/libgcc.a(ledf2.o)
 .debug_ranges  0x0000000000000578      0x1e0 /opt/riscv/lib/gcc/riscv32-unknown-elf/10.2.0/libgcc.a(muldf3.o)
 .debug_ranges  0x0000000000000758      0x250 /opt/riscv/lib/gcc/riscv32-unknown-elf/10.2.0/libgcc.a(subdf3.o)
 .debug_ranges  0x00000000000009a8       0x18 /opt/riscv/lib/gcc/riscv32-unknown-elf/10.2.0/libgcc.a(fixdfsi.o)
 .debug_ranges  0x00000000000009c0       0x20 /opt/riscv/lib/gcc/riscv32-unknown-elf/10.2.0/libgcc.a(fixunsdfsi.o)
 .debug_ranges  0x00000000000009e0       0x68 /opt/riscv/lib/gcc/riscv32-unknown-elf/10.2.0/libgcc.a(floatsidf.o)
 .debug_ranges  0x0000000000000a48       0x70 /opt/riscv/lib/gcc/riscv32-unknown-elf/10.2.0/libgcc.a(floatunsidf.o)
 .debug_ranges  0x0000000000000ab8       0x20 /opt/riscv/lib/gcc/riscv32-unknown-elf/10.2.0/libgcc.a(_clzsi2.o)

.debug_line     0x0000000000000000     0x54cf
 .debug_line    0x0000000000000000      0x800 /opt/riscv/lib/gcc/riscv32-unknown-elf/10.2.0/libgcc.a(_divdi3.o)
 .debug_line    0x0000000000000800     0x100d /opt/riscv/lib/gcc/riscv32-unknown-elf/10.2.0/libgcc.a(adddf3.o)
 .debug_line    0x000000000000180d      0xf64 /opt/riscv/lib/gcc/riscv32-unknown-elf/10.2.0/libgcc.a(divdf3.o)
 .debug_line    0x0000000000002771      0x2df /opt/riscv/lib/gcc/riscv32-unknown-elf/10.2.0/libgcc.a(gedf2.o)
 .debug_line    0x0000000000002a50      0x2df /opt/riscv/lib/gcc/riscv32-unknown-elf/10.2.0/libgcc.a(ledf2.o)
 .debug_line    0x0000000000002d2f      0xd9f /opt/riscv/lib/gcc/riscv32-unknown-elf/10.2.0/libgcc.a(muldf3.o)
 .debug_line    0x0000000000003ace     0x1072 /opt/riscv/lib/gcc/riscv32-unknown-elf/10.2.0/libgcc.a(subdf3.o)
 .debug_line    0x0000000000004b40      0x20e /opt/riscv/lib/gcc/riscv32-unknown-elf/10.2.0/libgcc.a(fixdfsi.o)
 .debug_line    0x0000000000004d4e      0x19f /opt/riscv/lib/gcc/riscv32-unknown-elf/10.2.0/libgcc.a(fixunsdfsi.o)
 .debug_line    0x0000000000004eed      0x248 /opt/riscv/lib/gcc/riscv32-unknown-elf/10.2.0/libgcc.a(floatsidf.o)
 .debug_line    0x0000000000005135      0x268 /opt/riscv/lib/gcc/riscv32-unknown-elf/10.2.0/libgcc.a(floatunsidf.o)
 .debug_line    0x000000000000539d       0x53 /opt/riscv/lib/gcc/riscv32-unknown-elf/10.2.0/libgcc.a(_clz.o)
 .debug_line    0x00000000000053f0       0xdf /opt/riscv/lib/gcc/riscv32-unknown-elf/10.2.0/libgcc.a(_clzsi2.o)

.debug_str      0x0000000000000000      0x9ca
 .debug_str     0x0000000000000000      0x277 /opt/riscv/lib/gcc/riscv32-unknown-elf/10.2.0/libgcc.a(_divdi3.o)
                                        0x2d7 (size before relaxing)
 .debug_str     0x0000000000000277      0x24d /opt/riscv/lib/gcc/riscv32-unknown-elf/10.2.0/libgcc.a(adddf3.o)
                                        0x333 (size before relaxing)
 .debug_str     0x00000000000004c4      0x198 /opt/riscv/lib/gcc/riscv32-unknown-elf/10.2.0/libgcc.a(divdf3.o)
                                        0x3f5 (size before relaxing)
 .debug_str     0x000000000000065c       0x77 /opt/riscv/lib/gcc/riscv32-unknown-elf/10.2.0/libgcc.a(gedf2.o)
                                        0x268 (size before relaxing)
 .debug_str     0x00000000000006d3       0x34 /opt/riscv/lib/gcc/riscv32-unknown-elf/10.2.0/libgcc.a(ledf2.o)
                                        0x268 (size before relaxing)
 .debug_str     0x0000000000000707      0x15b /opt/riscv/lib/gcc/riscv32-unknown-elf/10.2.0/libgcc.a(muldf3.o)
                                        0x44d (size before relaxing)
 .debug_str     0x0000000000000862       0x36 /opt/riscv/lib/gcc/riscv32-unknown-elf/10.2.0/libgcc.a(subdf3.o)
                                        0x333 (size before relaxing)
 .debug_str     0x0000000000000898       0x4b /opt/riscv/lib/gcc/riscv32-unknown-elf/10.2.0/libgcc.a(fixdfsi.o)
                                        0x241 (size before relaxing)
 .debug_str     0x00000000000008e3       0x3e /opt/riscv/lib/gcc/riscv32-unknown-elf/10.2.0/libgcc.a(fixunsdfsi.o)
                                        0x240 (size before relaxing)
 .debug_str     0x0000000000000921       0x69 /opt/riscv/lib/gcc/riscv32-unknown-elf/10.2.0/libgcc.a(floatsidf.o)
                                        0x2e0 (size before relaxing)
 .debug_str     0x000000000000098a       0x40 /opt/riscv/lib/gcc/riscv32-unknown-elf/10.2.0/libgcc.a(floatunsidf.o)
                                        0x2dd (size before relaxing)
 .debug_str     0x00000000000009ca      0x21f /opt/riscv/lib/gcc/riscv32-unknown-elf/10.2.0/libgcc.a(_clz.o)
 .debug_str     0x00000000000009ca      0x23c /opt/riscv/lib/gcc/riscv32-unknown-elf/10.2.0/libgcc.a(_clzsi2.o)

.debug_frame    0x0000000000000000      0x240
 .debug_frame   0x0000000000000000       0x44 /opt/riscv/lib/gcc/riscv32-unknown-elf/10.2.0/libgcc.a(adddf3.o)
 .debug_frame   0x0000000000000044       0x58 /opt/riscv/lib/gcc/riscv32-unknown-elf/10.2.0/libgcc.a(divdf3.o)
 .debug_frame   0x000000000000009c       0x20 /opt/riscv/lib/gcc/riscv32-unknown-elf/10.2.0/libgcc.a(gedf2.o)
 .debug_frame   0x00000000000000bc       0x20 /opt/riscv/lib/gcc/riscv32-unknown-elf/10.2.0/libgcc.a(ledf2.o)
 .debug_frame   0x00000000000000dc       0x54 /opt/riscv/lib/gcc/riscv32-unknown-elf/10.2.0/libgcc.a(muldf3.o)
 .debug_frame   0x0000000000000130       0x44 /opt/riscv/lib/gcc/riscv32-unknown-elf/10.2.0/libgcc.a(subdf3.o)
 .debug_frame   0x0000000000000174       0x20 /opt/riscv/lib/gcc/riscv32-unknown-elf/10.2.0/libgcc.a(fixdfsi.o)
 .debug_frame   0x0000000000000194       0x20 /opt/riscv/lib/gcc/riscv32-unknown-elf/10.2.0/libgcc.a(fixunsdfsi.o)
 .debug_frame   0x00000000000001b4       0x38 /opt/riscv/lib/gcc/riscv32-unknown-elf/10.2.0/libgcc.a(floatsidf.o)
 .debug_frame   0x00000000000001ec       0x34 /opt/riscv/lib/gcc/riscv32-unknown-elf/10.2.0/libgcc.a(floatunsidf.o)
 .debug_frame   0x0000000000000220       0x20 /opt/riscv/lib/gcc/riscv32-unknown-elf/10.2.0/libgcc.a(_clzsi2.o)
